
[TestParser/pat/list-fail - 1]
let [...ys, y] = [];

---
