
[TestParser/pat/list - 1]
let [x, ..._] = [];

---
