
[TestParser/pat/object - 1]
let { id: id name: name } = query { id name };
let { id: id name: name } = query { id name };

---
