
[TestParser/expr/literal - 1]
1;
3;
"a string";
3.14;
true;
false;

---
