
[TestParser/expr/matches.gqlt - 1]
1 matches 1
---
