
[TestParser/expr/mutation.gqlt - 1]
let foo = mutation {
  example {
    foo
  }
}
---
