
[TestParser/expr/object - 1]
{ x: "wer" y: 5 }
{ x: { y: z } }
---
