
[TestParser/multi - 1]
let bar = query { foo { bar } }
let baz = query { bar { baz } }
---
