
[TestGqlt/fail/matches/literal - 1]
assert 1 matches 2
#^^^^^^^^^^^^^^^^^^ assertion failed: literal pattern does not match value: 2 != 1

---
