
[TestParser/stmt/expr-stmt.gqlt - 1]
query { foo }
---
