
[TestParser/literal - 1]
1
3
"a string"
3.14
true
false
---

[TestParser/literal#01 - 1]
let 1 = 1
---
