
[TestParser/matches - 1]
assert(1 matches 1)
---
