
[TestParser/mutation - 1]
let foo = mutation {
  example {
    foo
  }
}
---
