
[TestParser/query - 1]
let foo = query {
  example {
    foo
  }
}
---
