
[TestParser/stmt/assert - 1]
assert true;
assert 1 matches 1;

---
