
[TestParser/stmt/expr-stmt - 1]
query { foo };

---
