
[TestParser/stmt/fragment - 1]
fragment Foo on Bar {
    id
    name
    foo
    bar {
        baz
    }
};

---
