
[TestParser/stmt/use - 1]
use ../empty.gqlt;

---
