
[TestParser/expr/postfix - 1]
xs[0];
let xs = [1, 2, 3];
xs[0] == 2;
xs[1] == 2;
xs[2] == 3;

---
