
[TestParser/pat/list-spread-fail - 1]
let [...ys, y] = [];
#    ^^^^^ rest pattern must be last

---
