
[TestParser/pat/object-rest-fail - 1]
let { ...xs, x } = {};
#        ^^ rest pattern must be last

---
