
[TestParser/expr/call.gqlt - 1]
let t = f(x, y)
let t = f(x, g(y))
---
