
[TestParser/expr/matches.gqlt - 1]
assert(1 matches 1)
---
