
[TestParser/expr/query.gqlt - 1]
let foo = query {
  example {
    foo
  }
}
---
