
[TestGqlt/fail/matches - 1]
assert 1 matches 2
#^^^^^^^^^^^^^^^^^^ assertion failed: 1 matches 2

---

[TestGqlt/fail/matches#01 - 1]
assert 1 matches 2
#^^^^^^^^^^^^^^^^^^ assertion failed: 1 matches 2

---
