
[TestGqlt/fail/assert-eq/literal - 1]
assert 1 == 2
#^^^^^^^^^^^^^ equality assertion failed:
  float64(
-   1,
+   2,
  )


---
