
[TestParser/regression/caret - 1]
"expr"
^
# Cannot parse the unexpected character "^".


---
