
[TestParser/regression/query-fail - 1]
query {}
#^^^^^ expected at least one definition, found }

---
